---
source: tui/src/chatwidget/tests/exec_flow.rs
expression: normalized_backend_snapshot(terminal.backend())
---
"                                                                                "
"• Working (0s • esc to interrupt) · 1 background terminal running · /ps to view…"
"                                                                                "
"                                                                                "
"› Ask PFTerminal to do anything                                                 "
"                                                                                "
"  z-ai/glm-5.2 standard · /tmp/project · Post Fiat Terminal · TPS: -- to…"
