---
source: tui/src/chatwidget/tests/slash_commands.rs
expression: normalize_snapshot_paths(term.backend().vt100().screen().contents())
---










• Working (0s • esc to interrupt)

• Messages to be submitted at end of turn
  ↳ Steer submitted while /compact was running.

› Ask PFTerminal to do anything

  z-ai/glm-5.2 standard · /tmp/project · Post Fiat Terminal · TPS: -- to…
